Archive member included to satisfy reference by file (symbol)

C:/ST/STM32CubeIDE_2.2.0/STM32CubeIDE/plugins/com.st.stm32cube.ide.mcu.externaltools.gnu-tools-for-stm32.14.3.rel1.win32_1.0.100.202602081740/tools/bin/../lib/gcc/arm-none-eabi/14.3.1/../../../../arm-none-eabi/lib/thumb/v8-m.main+fp/hard\libc_nano.a(libc_a-exit.o)
                              C:/ST/STM32CubeIDE_2.2.0/STM32CubeIDE/plugins/com.st.stm32cube.ide.mcu.externaltools.gnu-tools-for-stm32.14.3.rel1.win32_1.0.100.202602081740/tools/bin/../lib/gcc/arm-none-eabi/14.3.1/../../../../arm-none-eabi/lib/thumb/v8-m.main+fp/hard/crt0.o (exit)
C:/ST/STM32CubeIDE_2.2.0/STM32CubeIDE/plugins/com.st.stm32cube.ide.mcu.externaltools.gnu-tools-for-stm32.14.3.rel1.win32_1.0.100.202602081740/tools/bin/../lib/gcc/arm-none-eabi/14.3.1/../../../../arm-none-eabi/lib/thumb/v8-m.main+fp/hard\libc_nano.a(libc_a-findfp.o)
                              C:/ST/STM32CubeIDE_2.2.0/STM32CubeIDE/plugins/com.st.stm32cube.ide.mcu.externaltools.gnu-tools-for-stm32.14.3.rel1.win32_1.0.100.202602081740/tools/bin/../lib/gcc/arm-none-eabi/14.3.1/../../../../arm-none-eabi/lib/thumb/v8-m.main+fp/hard\libc_nano.a(libc_a-exit.o) (__stdio_exit_handler)
C:/ST/STM32CubeIDE_2.2.0/STM32CubeIDE/plugins/com.st.stm32cube.ide.mcu.externaltools.gnu-tools-for-stm32.14.3.rel1.win32_1.0.100.202602081740/tools/bin/../lib/gcc/arm-none-eabi/14.3.1/../../../../arm-none-eabi/lib/thumb/v8-m.main+fp/hard\libc_nano.a(libc_a-fwalk.o)
                              C:/ST/STM32CubeIDE_2.2.0/STM32CubeIDE/plugins/com.st.stm32cube.ide.mcu.externaltools.gnu-tools-for-stm32.14.3.rel1.win32_1.0.100.202602081740/tools/bin/../lib/gcc/arm-none-eabi/14.3.1/../../../../arm-none-eabi/lib/thumb/v8-m.main+fp/hard\libc_nano.a(libc_a-findfp.o) (_fwalk_sglue)
C:/ST/STM32CubeIDE_2.2.0/STM32CubeIDE/plugins/com.st.stm32cube.ide.mcu.externaltools.gnu-tools-for-stm32.14.3.rel1.win32_1.0.100.202602081740/tools/bin/../lib/gcc/arm-none-eabi/14.3.1/../../../../arm-none-eabi/lib/thumb/v8-m.main+fp/hard\libc_nano.a(libc_a-stdio.o)
                              C:/ST/STM32CubeIDE_2.2.0/STM32CubeIDE/plugins/com.st.stm32cube.ide.mcu.externaltools.gnu-tools-for-stm32.14.3.rel1.win32_1.0.100.202602081740/tools/bin/../lib/gcc/arm-none-eabi/14.3.1/../../../../arm-none-eabi/lib/thumb/v8-m.main+fp/hard\libc_nano.a(libc_a-findfp.o) (__sread)
C:/ST/STM32CubeIDE_2.2.0/STM32CubeIDE/plugins/com.st.stm32cube.ide.mcu.externaltools.gnu-tools-for-stm32.14.3.rel1.win32_1.0.100.202602081740/tools/bin/../lib/gcc/arm-none-eabi/14.3.1/../../../../arm-none-eabi/lib/thumb/v8-m.main+fp/hard\libc_nano.a(libc_a-memset.o)
                              C:/ST/STM32CubeIDE_2.2.0/STM32CubeIDE/plugins/com.st.stm32cube.ide.mcu.externaltools.gnu-tools-for-stm32.14.3.rel1.win32_1.0.100.202602081740/tools/bin/../lib/gcc/arm-none-eabi/14.3.1/../../../../arm-none-eabi/lib/thumb/v8-m.main+fp/hard/crt0.o (memset)
C:/ST/STM32CubeIDE_2.2.0/STM32CubeIDE/plugins/com.st.stm32cube.ide.mcu.externaltools.gnu-tools-for-stm32.14.3.rel1.win32_1.0.100.202602081740/tools/bin/../lib/gcc/arm-none-eabi/14.3.1/../../../../arm-none-eabi/lib/thumb/v8-m.main+fp/hard\libc_nano.a(libc_a-closer.o)
                              C:/ST/STM32CubeIDE_2.2.0/STM32CubeIDE/plugins/com.st.stm32cube.ide.mcu.externaltools.gnu-tools-for-stm32.14.3.rel1.win32_1.0.100.202602081740/tools/bin/../lib/gcc/arm-none-eabi/14.3.1/../../../../arm-none-eabi/lib/thumb/v8-m.main+fp/hard\libc_nano.a(libc_a-stdio.o) (_close_r)
C:/ST/STM32CubeIDE_2.2.0/STM32CubeIDE/plugins/com.st.stm32cube.ide.mcu.externaltools.gnu-tools-for-stm32.14.3.rel1.win32_1.0.100.202602081740/tools/bin/../lib/gcc/arm-none-eabi/14.3.1/../../../../arm-none-eabi/lib/thumb/v8-m.main+fp/hard\libc_nano.a(libc_a-reent.o)
                              C:/ST/STM32CubeIDE_2.2.0/STM32CubeIDE/plugins/com.st.stm32cube.ide.mcu.externaltools.gnu-tools-for-stm32.14.3.rel1.win32_1.0.100.202602081740/tools/bin/../lib/gcc/arm-none-eabi/14.3.1/../../../../arm-none-eabi/lib/thumb/v8-m.main+fp/hard\libc_nano.a(libc_a-closer.o) (errno)
C:/ST/STM32CubeIDE_2.2.0/STM32CubeIDE/plugins/com.st.stm32cube.ide.mcu.externaltools.gnu-tools-for-stm32.14.3.rel1.win32_1.0.100.202602081740/tools/bin/../lib/gcc/arm-none-eabi/14.3.1/../../../../arm-none-eabi/lib/thumb/v8-m.main+fp/hard\libc_nano.a(libc_a-impure.o)
                              C:/ST/STM32CubeIDE_2.2.0/STM32CubeIDE/plugins/com.st.stm32cube.ide.mcu.externaltools.gnu-tools-for-stm32.14.3.rel1.win32_1.0.100.202602081740/tools/bin/../lib/gcc/arm-none-eabi/14.3.1/../../../../arm-none-eabi/lib/thumb/v8-m.main+fp/hard\libc_nano.a(libc_a-reent.o) (_impure_ptr)
C:/ST/STM32CubeIDE_2.2.0/STM32CubeIDE/plugins/com.st.stm32cube.ide.mcu.externaltools.gnu-tools-for-stm32.14.3.rel1.win32_1.0.100.202602081740/tools/bin/../lib/gcc/arm-none-eabi/14.3.1/../../../../arm-none-eabi/lib/thumb/v8-m.main+fp/hard\libc_nano.a(libc_a-lseekr.o)
[...]
Memory Configuration

Name             Origin             Length             Attributes
RAM              0x20000000         0x000a0000         xrw
FLASH            0x08000000         0x00200000         xr
*default*        0x00000000         0xffffffff

Linker script and memory map

LOAD C:/ST/STM32CubeIDE_2.2.0/STM32CubeIDE/plugins/com.st.stm32cube.ide.mcu.externaltools.gnu-tools-for-stm32.14.3.rel1.win32_1.0.100.202602081740/tools/bin/../lib/gcc/arm-none-eabi/14.3.1/thumb/v8-m.main+fp/hard/crti.o
LOAD C:/ST/STM32CubeIDE_2.2.0/STM32CubeIDE/plugins/com.st.stm32cube.ide.mcu.externaltools.gnu-tools-for-stm32.14.3.rel1.win32_1.0.100.202602081740/tools/bin/../lib/gcc/arm-none-eabi/14.3.1/thumb/v8-m.main+fp/hard/crtbegin.o
LOAD C:/ST/STM32CubeIDE_2.2.0/STM32CubeIDE/plugins/com.st.stm32cube.ide.mcu.externaltools.gnu-tools-for-stm32.14.3.rel1.win32_1.0.100.202602081740/tools/bin/../lib/gcc/arm-none-eabi/14.3.1/../../../../arm-none-eabi/lib/thumb/v8-m.main+fp/hard/crt0.o
LOAD ./Core/Src/main.o
LOAD ./Core/Src/stm32h5xx_hal_msp.o
LOAD ./Core/Src/stm32h5xx_it.o
LOAD ./Core/Src/syscalls.o
LOAD ./Core/Src/sysmem.o
LOAD ./Core/Src/system_stm32h5xx.o
LOAD ./Core/Startup/startup_stm32h563ritx.o
LOAD ./Drivers/STM32H5xx_HAL_Driver/Src/stm32h5xx_hal.o
LOAD ./Drivers/STM32H5xx_HAL_Driver/Src/stm32h5xx_hal_cortex.o
LOAD ./Drivers/STM32H5xx_HAL_Driver/Src/stm32h5xx_hal_dma.o
LOAD ./Drivers/STM32H5xx_HAL_Driver/Src/stm32h5xx_hal_dma_ex.o
LOAD ./Drivers/STM32H5xx_HAL_Driver/Src/stm32h5xx_hal_exti.o
LOAD ./Drivers/STM32H5xx_HAL_Driver/Src/stm32h5xx_hal_flash.o
LOAD ./Drivers/STM32H5xx_HAL_Driver/Src/stm32h5xx_hal_flash_ex.o
LOAD ./Drivers/STM32H5xx_HAL_Driver/Src/stm32h5xx_hal_gpio.o
LOAD ./Drivers/STM32H5xx_HAL_Driver/Src/stm32h5xx_hal_i2c.o
LOAD ./Drivers/STM32H5xx_HAL_Driver/Src/stm32h5xx_hal_i2c_ex.o
LOAD ./Drivers/STM32H5xx_HAL_Driver/Src/stm32h5xx_hal_icache.o
LOAD ./Drivers/STM32H5xx_HAL_Driver/Src/stm32h5xx_hal_pwr.o
LOAD ./Drivers/STM32H5xx_HAL_Driver/Src/stm32h5xx_hal_pwr_ex.o
LOAD ./Drivers/STM32H5xx_HAL_Driver/Src/stm32h5xx_hal_rcc.o
LOAD ./Drivers/STM32H5xx_HAL_Driver/Src/stm32h5xx_hal_rcc_ex.o
START GROUP
LOAD C:/ST/STM32CubeIDE_2.2.0/STM32CubeIDE/plugins/com.st.stm32cube.ide.mcu.externaltools.gnu-tools-for-stm32.14.3.rel1.win32_1.0.100.202602081740/tools/bin/../lib/gcc/arm-none-eabi/14.3.1/../../../../arm-none-eabi/lib/thumb/v8-m.main+fp/hard\libc_nano.a
LOAD C:/ST/STM32CubeIDE_2.2.0/STM32CubeIDE/plugins/com.st.stm32cube.ide.mcu.externaltools.gnu-tools-for-stm32.14.3.rel1.win32_1.0.100.202602081740/tools/bin/../lib/gcc/arm-none-eabi/14.3.1/../../../../arm-none-eabi/lib/thumb/v8-m.main+fp/hard\libm.a
END GROUP
START GROUP
LOAD C:/ST/STM32CubeIDE_2.2.0/STM32CubeIDE/plugins/com.st.stm32cube.ide.mcu.externaltools.gnu-tools-for-stm32.14.3.rel1.win32_1.0.100.202602081740/tools/bin/../lib/gcc/arm-none-eabi/14.3.1/thumb/v8-m.main+fp/hard\libgcc.a
LOAD C:/ST/STM32CubeIDE_2.2.0/STM32CubeIDE/plugins/com.st.stm32cube.ide.mcu.externaltools.gnu-tools-for-stm32.14.3.rel1.win32_1.0.100.202602081740/tools/bin/../lib/gcc/arm-none-eabi/14.3.1/../../../../arm-none-eabi/lib/thumb/v8-m.main+fp/hard\libc_nano.a
END GROUP
START GROUP
LOAD C:/ST/STM32CubeIDE_2.2.0/STM32CubeIDE/plugins/com.st.stm32cube.ide.mcu.externaltools.gnu-tools-for-stm32.14.3.rel1.win32_1.0.100.202602081740/tools/bin/../lib/gcc/arm-none-eabi/14.3.1/thumb/v8-m.main+fp/hard\libgcc.a
LOAD C:/ST/STM32CubeIDE_2.2.0/STM32CubeIDE/plugins/com.st.stm32cube.ide.mcu.externaltools.gnu-tools-for-stm32.14.3.rel1.win32_1.0.100.202602081740/tools/bin/../lib/gcc/arm-none-eabi/14.3.1/../../../../arm-none-eabi/lib/thumb/v8-m.main+fp/hard\libc_nano.a
LOAD C:/ST/STM32CubeIDE_2.2.0/STM32CubeIDE/plugins/com.st.stm32cube.ide.mcu.externaltools.gnu-tools-for-stm32.14.3.rel1.win32_1.0.100.202602081740/tools/bin/../lib/gcc/arm-none-eabi/14.3.1/../../../../arm-none-eabi/lib/thumb/v8-m.main+fp/hard\libnosys.a
END GROUP
START GROUP
LOAD C:/ST/STM32CubeIDE_2.2.0/STM32CubeIDE/plugins/com.st.stm32cube.ide.mcu.externaltools.gnu-tools-for-stm32.14.3.rel1.win32_1.0.100.202602081740/tools/bin/../lib/gcc/arm-none-eabi/14.3.1/thumb/v8-m.main+fp/hard\libgcc.a
LOAD C:/ST/STM32CubeIDE_2.2.0/STM32CubeIDE/plugins/com.st.stm32cube.ide.mcu.externaltools.gnu-tools-for-stm32.14.3.rel1.win32_1.0.100.202602081740/tools/bin/../lib/gcc/arm-none-eabi/14.3.1/../../../../arm-none-eabi/lib/thumb/v8-m.main+fp/hard\libc_nano.a
LOAD C:/ST/STM32CubeIDE_2.2.0/STM32CubeIDE/plugins/com.st.stm32cube.ide.mcu.externaltools.gnu-tools-for-stm32.14.3.rel1.win32_1.0.100.202602081740/tools/bin/../lib/gcc/arm-none-eabi/14.3.1/../../../../arm-none-eabi/lib/thumb/v8-m.main+fp/hard\libnosys.a
END GROUP
LOAD C:/ST/STM32CubeIDE_2.2.0/STM32CubeIDE/plugins/com.st.stm32cube.ide.mcu.externaltools.gnu-tools-for-stm32.14.3.rel1.win32_1.0.100.202602081740/tools/bin/../lib/gcc/arm-none-eabi/14.3.1/thumb/v8-m.main+fp/hard/crtend.o
LOAD C:/ST/STM32CubeIDE_2.2.0/STM32CubeIDE/plugins/com.st.stm32cube.ide.mcu.externaltools.gnu-tools-for-stm32.14.3.rel1.win32_1.0.100.202602081740/tools/bin/../lib/gcc/arm-none-eabi/14.3.1/thumb/v8-m.main+fp/hard/crtn.o
                0x200a0000                        _estack = (ORIGIN (RAM) + LENGTH (RAM))
                0x2009fc00                        _sstack = (_estack - _Min_Stack_Size)
                0x00000200                        _Min_Heap_Size = 0x200
                0x00000400                        _Min_Stack_Size = 0x400

.isr_vector     0x08000000      0x24c
                0x08000000                        . = ALIGN (0x4)
 *(.isr_vector)
 .isr_vector    0x08000000      0x24c ./Core/Startup/startup_stm32h563ritx.o
                0x08000000                g_pfnVectors
                0x0800024c                        . = ALIGN (0x4)

.text           0x0800024c     0x4198
                0x0800024c                        . = ALIGN (0x4)
 *(.text)
 .text          0x0800024c       0x40 C:/ST/STM32CubeIDE_2.2.0/STM32CubeIDE/plugins/com.st.stm32cube.ide.mcu.externaltools.gnu-tools-for-stm32.14.3.rel1.win32_1.0.100.202602081740/tools/bin/../lib/gcc/arm-none-eabi/14.3.1/thumb/v8-m.main+fp/hard/crtbegin.o
 *(.text*)
 .text.main     0x0800028c       0x20 ./Core/Src/main.o
                0x0800028c                main
 .text.SystemClock_Config
                0x080002ac       0xc0 ./Core/Src/main.o
                0x080002ac                SystemClock_Config
 .text.MX_I2C1_Init
                0x0800036c       0x80 ./Core/Src/main.o
 .text.MX_ICACHE_Init
                0x080003ec       0x26 ./Core/Src/main.o
 *fill*         0x08000412        0x2 
 .text.MX_GPIO_Init
                0x08000414       0x88 ./Core/Src/main.o
 .text.MPU_Config
                0x0800049c       0x6c ./Core/Src/main.o
 .text.Error_Handler
                0x08000508        0xc ./Core/Src/main.o
                0x08000508                Error_Handler
 .text.HAL_MspInit
                0x08000514        0xe ./Core/Src/stm32h5xx_hal_msp.o
                0x08000514                HAL_MspInit
 *fill*         0x08000522        0x2 
 .text.HAL_I2C_MspInit
                0x08000524      0x11c ./Core/Src/stm32h5xx_hal_msp.o
                0x08000524                HAL_I2C_MspInit
 .text.NMI_Handler
                0x08000640        0x8 ./Core/Src/stm32h5xx_it.o
                0x08000640                NMI_Handler
 .text.HardFault_Handler
                0x08000648        0x8 ./Core/Src/stm32h5xx_it.o
                0x08000648                HardFault_Handler
 .text.MemManage_Handler
                0x08000650        0x8 ./Core/Src/stm32h5xx_it.o
                0x08000650                MemManage_Handler
 .text.BusFault_Handler
                0x08000658        0x8 ./Core/Src/stm32h5xx_it.o
                0x08000658                BusFault_Handler
 .text.UsageFault_Handler
                0x08000660        0x8 ./Core/Src/stm32h5xx_it.o
                0x08000660                UsageFault_Handler
 .text.SVC_Handler
                0x08000668        0xe ./Core/Src/stm32h5xx_it.o
                0x08000668                SVC_Handler
 .text.DebugMon_Handler
                0x08000676        0xe ./Core/Src/stm32h5xx_it.o
                0x08000676                DebugMon_Handler
 .text.PendSV_Handler
                0x08000684        0xe ./Core/Src/stm32h5xx_it.o
                0x08000684                PendSV_Handler
 .text.SysTick_Handler
                0x08000692        0xc ./Core/Src/stm32h5xx_it.o
                0x08000692                SysTick_Handler
 *fill*         0x0800069e        0x2 
 .text.SystemInit
                0x080006a0      0x100 ./Core/Src/system_stm32h5xx.o
                0x080006a0                SystemInit
 .text.Reset_Handler
                0x080007a0       0x5c ./Core/Startup/startup_stm32h563ritx.o
                0x080007a0                Reset_Handler
 .text.Default_Handler
                0x080007fc        0x2 ./Core/Startup/startup_stm32h563ritx.o
                0x080007fc                EXTI2_IRQHandler
                0x080007fc                TIM8_TRG_COM_IRQHandler
                0x080007fc                TIM8_CC_IRQHandler
                0x080007fc                EXTI5_IRQHandler
                0x080007fc                I3C1_ER_IRQHandler
                0x080007fc                UART8_IRQHandler
                0x080007fc                SPI4_IRQHandler
                0x080007fc                GPDMA2_Channel1_IRQHandler
                0x080007fc                FLASH_S_IRQHandler
                0x080007fc                EXTI13_IRQHandler
                0x080007fc                TIM1_CC_IRQHandler
                0x080007fc                GPDMA2_Channel3_IRQHandler
                0x080007fc                TAMP_IRQHandler
                0x080007fc                TIM6_IRQHandler
                0x080007fc                EXTI12_IRQHandler
                0x080007fc                CORDIC_IRQHandler
                0x080007fc                USB_DRD_FS_IRQHandler
                0x080007fc                EXTI3_IRQHandler
                0x080007fc                LPTIM4_IRQHandler
                0x080007fc                GPDMA1_Channel5_IRQHandler
                0x080007fc                EXTI8_IRQHandler
                0x080007fc                GPDMA2_Channel5_IRQHandler
                0x080007fc                LPTIM2_IRQHandler
                0x080007fc                I2C3_ER_IRQHandler
                0x080007fc                GPDMA2_Channel2_IRQHandler
                0x080007fc                USART10_IRQHandler
                0x080007fc                LPTIM3_IRQHandler
                0x080007fc                EXTI0_IRQHandler
                0x080007fc                I2C2_EV_IRQHandler
                0x080007fc                FPU_IRQHandler
                0x080007fc                GPDMA1_Channel3_IRQHandler
                0x080007fc                GPDMA1_Channel7_IRQHandler
                0x080007fc                FDCAN1_IT1_IRQHandler
                0x080007fc                RAMCFG_IRQHandler
                0x080007fc                DCACHE1_IRQHandler
                0x080007fc                SPI1_IRQHandler
                0x080007fc                OCTOSPI1_IRQHandler
                0x080007fc                GPDMA1_Channel2_IRQHandler
                0x080007fc                TIM8_UP_IRQHandler
                0x080007fc                RCC_S_IRQHandler
                0x080007fc                SAI2_IRQHandler
                0x080007fc                ADC1_IRQHandler
                0x080007fc                USART6_IRQHandler
                0x080007fc                EXTI15_IRQHandler
                0x080007fc                TIM17_IRQHandler
                0x080007fc                USART3_IRQHandler
                0x080007fc                RTC_IRQHandler
                0x080007fc                EXTI9_IRQHandler
                0x080007fc                LPTIM5_IRQHandler
                0x080007fc                UART5_IRQHandler
                0x080007fc                TIM4_IRQHandler
                0x080007fc                I2C1_EV_IRQHandler
                0x080007fc                GPDMA1_Channel1_IRQHandler
                0x080007fc                TIM16_IRQHandler
                0x080007fc                UART4_IRQHandler
                0x080007fc                SecureFault_Handler
                0x080007fc                TIM3_IRQHandler
                0x080007fc                RCC_IRQHandler
                0x080007fc                UART9_IRQHandler
                0x080007fc                TIM1_TRG_COM_IRQHandler
                0x080007fc                Default_Handler
                0x080007fc                FMAC_IRQHandler
                0x080007fc                CEC_IRQHandler
                0x080007fc                USART11_IRQHandler
                0x080007fc                TIM14_IRQHandler
                0x080007fc                TIM13_IRQHandler
                0x080007fc                GPDMA2_Channel4_IRQHandler
                0x080007fc                SPI5_IRQHandler
                0x080007fc                TIM12_IRQHandler
                0x080007fc                TIM7_IRQHandler
                0x080007fc                SDMMC1_IRQHandler
                0x080007fc                TIM5_IRQHandler
                0x080007fc                UCPD1_IRQHandler
                0x080007fc                GPDMA1_Channel0_IRQHandler
                0x080007fc                I3C1_EV_IRQHandler
                0x080007fc                TIM15_IRQHandler
                0x080007fc                PVD_AVD_IRQHandler
                0x080007fc                I2C3_EV_IRQHandler
                0x080007fc                ETH_WKUP_IRQHandler
                0x080007fc                ADC2_IRQHandler
                0x080007fc                SPI2_IRQHandler
                0x080007fc                EXTI14_IRQHandler
                0x080007fc                EXTI11_IRQHandler
                0x080007fc                CRS_IRQHandler
                0x080007fc                EXTI4_IRQHandler
                0x080007fc                GPDMA2_Channel0_IRQHandler
                0x080007fc                RTC_S_IRQHandler
                0x080007fc                RNG_IRQHandler
                0x080007fc                FDCAN2_IT1_IRQHandler
                0x080007fc                ETH_IRQHandler
                0x080007fc                GPDMA2_Channel6_IRQHandler
                0x080007fc                TIM1_UP_IRQHandler
                0x080007fc                UART12_IRQHandler
                0x080007fc                WWDG_IRQHandler
                0x080007fc                SPI6_IRQHandler
                0x080007fc                I2C4_EV_IRQHandler
                0x080007fc                FDCAN2_IT0_IRQHandler
                0x080007fc                IWDG_IRQHandler
                0x080007fc                LPUART1_IRQHandler
                0x080007fc                FDCAN1_IT0_IRQHandler
                0x080007fc                TIM2_IRQHandler
                0x080007fc                GPDMA1_Channel4_IRQHandler
                0x080007fc                EXTI7_IRQHandler
                0x080007fc                TIM1_BRK_IRQHandler
                0x080007fc                EXTI1_IRQHandler
                0x080007fc                SDMMC2_IRQHandler
                0x080007fc                LPTIM6_IRQHandler
                0x080007fc                DAC1_IRQHandler
                0x080007fc                DTS_IRQHandler
                0x080007fc                UART7_IRQHandler
                0x080007fc                GTZC_IRQHandler
                0x080007fc                USART2_IRQHandler
                0x080007fc                GPDMA1_Channel6_IRQHandler
                0x080007fc                GPDMA2_Channel7_IRQHandler
                0x080007fc                I2C2_ER_IRQHandler
                0x080007fc                TIM8_BRK_IRQHandler
                0x080007fc                FLASH_IRQHandler
                0x080007fc                USART1_IRQHandler
                0x080007fc                EXTI10_IRQHandler
                0x080007fc                SPI3_IRQHandler
                0x080007fc                I2C1_ER_IRQHandler
                0x080007fc                FMC_IRQHandler
                0x080007fc                EXTI6_IRQHandler
                0x080007fc                LPTIM1_IRQHandler
                0x080007fc                DCMI_PSSI_IRQHandler
                0x080007fc                I2C4_ER_IRQHandler
                0x080007fc                ICACHE_IRQHandler
                0x080007fc                SAI1_IRQHandler
                0x080007fc                HASH_IRQHandler
 *fill*         0x080007fe        0x2 
 .text.HAL_Init
                0x08000800       0x50 ./Drivers/STM32H5xx_HAL_Driver/Src/stm32h5xx_hal.o
                0x08000800                HAL_Init
 .text.HAL_InitTick
                0x08000850       0xec ./Drivers/STM32H5xx_HAL_Driver/Src/stm32h5xx_hal.o
                0x08000850                HAL_InitTick
 .text.HAL_IncTick
                0x0800093c       0x28 ./Drivers/STM32H5xx_HAL_Driver/Src/stm32h5xx_hal.o
                0x0800093c                HAL_IncTick
 .text.HAL_GetTick
                0x08000964       0x18 ./Drivers/STM32H5xx_HAL_Driver/Src/stm32h5xx_hal.o
                0x08000964                HAL_GetTick
 .text.__NVIC_SetPriorityGrouping
                0x0800097c       0x48 ./Drivers/STM32H5xx_HAL_Driver/Src/stm32h5xx_hal_cortex.o
 .text.__NVIC_GetPriorityGrouping
                0x080009c4       0x1c ./Drivers/STM32H5xx_HAL_Driver/Src/stm32h5xx_hal_cortex.o
 .text.__NVIC_SetPriority
                0x080009e0       0x54 ./Drivers/STM32H5xx_HAL_Driver/Src/stm32h5xx_hal_cortex.o
 .text.NVIC_EncodePriority
                0x08000a34       0x66 ./Drivers/STM32H5xx_HAL_Driver/Src/stm32h5xx_hal_cortex.o
 .text.HAL_NVIC_SetPriorityGrouping
                0x08000a9a       0x16 ./Drivers/STM32H5xx_HAL_Driver/Src/stm32h5xx_hal_cortex.o
                0x08000a9a                HAL_NVIC_SetPriorityGrouping
 .text.HAL_NVIC_SetPriority
                0x08000ab0       0x34 ./Drivers/STM32H5xx_HAL_Driver/Src/stm32h5xx_hal_cortex.o
                0x08000ab0                HAL_NVIC_SetPriority
 .text.HAL_SYSTICK_Config
                0x08000ae4       0x44 ./Drivers/STM32H5xx_HAL_Driver/Src/stm32h5xx_hal_cortex.o
                0x08000ae4                HAL_SYSTICK_Config
 .text.HAL_SYSTICK_CLKSourceConfig
                0x08000b28       0xb0 ./Drivers/STM32H5xx_HAL_Driver/Src/stm32h5xx_hal_cortex.o
                0x08000b28                HAL_SYSTICK_CLKSourceConfig
 .text.HAL_SYSTICK_GetCLKSourceConfig
                0x08000bd8       0x6c ./Drivers/STM32H5xx_HAL_Driver/Src/stm32h5xx_hal_cortex.o
                0x08000bd8                HAL_SYSTICK_GetCLKSourceConfig
 .text.HAL_MPU_Enable
                0x08000c44       0x44 ./Drivers/STM32H5xx_HAL_Driver/Src/stm32h5xx_hal_cortex.o
                0x08000c44                HAL_MPU_Enable
 .text.HAL_MPU_Disable
                0x08000c88       0x40 ./Drivers/STM32H5xx_HAL_Driver/Src/stm32h5xx_hal_cortex.o
                0x08000c88                HAL_MPU_Disable
 .text.HAL_MPU_ConfigRegion
                0x08000cc8       0x1c ./Drivers/STM32H5xx_HAL_Driver/Src/stm32h5xx_hal_cortex.o
                0x08000cc8                HAL_MPU_ConfigRegion
 .text.HAL_MPU_ConfigMemoryAttributes
                0x08000ce4       0x1c ./Drivers/STM32H5xx_HAL_Driver/Src/stm32h5xx_hal_cortex.o
                0x08000ce4                HAL_MPU_ConfigMemoryAttributes
 .text.MPU_ConfigRegion
                0x08000d00       0x6e ./Drivers/STM32H5xx_HAL_Driver/Src/stm32h5xx_hal_cortex.o
 .text.MPU_ConfigMemoryAttributes
                0x08000d6e       0x6c ./Drivers/STM32H5xx_HAL_Driver/Src/stm32h5xx_hal_cortex.o
 *fill*         0x08000dda        0x2 
 .text.HAL_GPIO_Init
                0x08000ddc      0x2bc ./Drivers/STM32H5xx_HAL_Driver/Src/stm32h5xx_hal_gpio.o
                0x08000ddc                HAL_GPIO_Init
 .text.HAL_GPIO_WritePin
                0x08001098       0x30 ./Drivers/STM32H5xx_HAL_Driver/Src/stm32h5xx_hal_gpio.o
                0x08001098                HAL_GPIO_WritePin
 .text.HAL_I2C_Init
                0x080010c8      0x136 ./Drivers/STM32H5xx_HAL_Driver/Src/stm32h5xx_hal_i2c.o
                0x080010c8                HAL_I2C_Init
 .text.HAL_I2CEx_ConfigAnalogFilter
                0x080011fe       0x96 ./Drivers/STM32H5xx_HAL_Driver/Src/stm32h5xx_hal_i2c_ex.o
                0x080011fe                HAL_I2CEx_ConfigAnalogFilter
 .text.HAL_I2CEx_ConfigDigitalFilter
                0x08001294       0x98 ./Drivers/STM32H5xx_HAL_Driver/Src/stm32h5xx_hal_i2c_ex.o
                0x08001294                HAL_I2CEx_ConfigDigitalFilter
 .text.HAL_ICACHE_ConfigAssociativityMode
                0x0800132c       0x40 ./Drivers/STM32H5xx_HAL_Driver/Src/stm32h5xx_hal_icache.o
                0x0800132c                HAL_ICACHE_ConfigAssociativityMode
 .text.HAL_ICACHE_Enable
                0x0800136c       0x20 ./Drivers/STM32H5xx_HAL_Driver/Src/stm32h5xx_hal_icache.o
                0x0800136c                HAL_ICACHE_Enable
 .text.HAL_RCC_OscConfig
                0x0800138c      0x870 ./Drivers/STM32H5xx_HAL_Driver/Src/stm32h5xx_hal_rcc.o
                0x0800138c                HAL_RCC_OscConfig
 .text.HAL_RCC_ClockConfig
                0x08001bfc      0x370 ./Drivers/STM32H5xx_HAL_Driver/Src/stm32h5xx_hal_rcc.o
                0x08001bfc                HAL_RCC_ClockConfig
 .text.HAL_RCC_GetSysClockFreq
                0x08001f6c      0x258 ./Drivers/STM32H5xx_HAL_Driver/Src/stm32h5xx_hal_rcc.o
                0x08001f6c                HAL_RCC_GetSysClockFreq
 .text.HAL_RCC_GetHCLKFreq
                0x080021c4       0x38 ./Drivers/STM32H5xx_HAL_Driver/Src/stm32h5xx_hal_rcc.o
                0x080021c4                HAL_RCC_GetHCLKFreq
 .text.HAL_RCCEx_PeriphCLKConfig
                0x080021fc     0x1f18 ./Drivers/STM32H5xx_HAL_Driver/Src/stm32h5xx_hal_rcc_ex.o
                0x080021fc                HAL_RCCEx_PeriphCLKConfig
 .text.RCCEx_PLL2_Config
                0x08004114      0x130 ./Drivers/STM32H5xx_HAL_Driver/Src/stm32h5xx_hal_rcc_ex.o
 .text.RCCEx_PLL3_Config
                0x08004244      0x130 ./Drivers/STM32H5xx_HAL_Driver/Src/stm32h5xx_hal_rcc_ex.o
 .text.memset   0x08004374       0x10 C:/ST/STM32CubeIDE_2.2.0/STM32CubeIDE/plugins/com.st.stm32cube.ide.mcu.externaltools.gnu-tools-for-stm32.14.3.rel1.win32_1.0.100.202602081740/tools/bin/../lib/gcc/arm-none-eabi/14.3.1/../../../../arm-none-eabi/lib/thumb/v8-m.main+fp/hard\libc_nano.a(libc_a-memset.o)
                0x08004374                memset
 .text.__libc_init_array
                0x08004384       0x48 C:/ST/STM32CubeIDE_2.2.0/STM32CubeIDE/plugins/com.st.stm32cube.ide.mcu.externaltools.gnu-tools-for-stm32.14.3.rel1.win32_1.0.100.202602081740/tools/bin/../lib/gcc/arm-none-eabi/14.3.1/../../../../arm-none-eabi/lib/thumb/v8-m.main+fp/hard\libc_nano.a(libc_a-init.o)
                0x08004384                __libc_init_array
 *(.glue_7)
 .glue_7        0x080043cc        0x0 linker stubs
 *(.glue_7t)
 .glue_7t       0x080043cc        0x0 linker stubs
 *(.eh_frame)
 .eh_frame      0x080043cc        0x0 C:/ST/STM32CubeIDE_2.2.0/STM32CubeIDE/plugins/com.st.stm32cube.ide.mcu.externaltools.gnu-tools-for-stm32.14.3.rel1.win32_1.0.100.202602081740/tools/bin/../lib/gcc/arm-none-eabi/14.3.1/thumb/v8-m.main+fp/hard/crtbegin.o
 *(.init)
 .init          0x080043cc        0x4 C:/ST/STM32CubeIDE_2.2.0/STM32CubeIDE/plugins/com.st.stm32cube.ide.mcu.externaltools.gnu-tools-for-stm32.14.3.rel1.win32_1.0.100.202602081740/tools/bin/../lib/gcc/arm-none-eabi/14.3.1/thumb/v8-m.main+fp/hard/crti.o
                0x080043cc                _init
 .init          0x080043d0        0x8 C:/ST/STM32CubeIDE_2.2.0/STM32CubeIDE/plugins/com.st.stm32cube.ide.mcu.externaltools.gnu-tools-for-stm32.14.3.rel1.win32_1.0.100.202602081740/tools/bin/../lib/gcc/arm-none-eabi/14.3.1/thumb/v8-m.main+fp/hard/crtn.o
 *(.fini)
 .fini          0x080043d8        0x4 C:/ST/STM32CubeIDE_2.2.0/STM32CubeIDE/plugins/com.st.stm32cube.ide.mcu.externaltools.gnu-tools-for-stm32.14.3.rel1.win32_1.0.100.202602081740/tools/bin/../lib/gcc/arm-none-eabi/14.3.1/thumb/v8-m.main+fp/hard/crti.o
                0x080043d8                _fini
 .fini          0x080043dc        0x8 C:/ST/STM32CubeIDE_2.2.0/STM32CubeIDE/plugins/com.st.stm32cube.ide.mcu.externaltools.gnu-tools-for-stm32.14.3.rel1.win32_1.0.100.202602081740/tools/bin/../lib/gcc/arm-none-eabi/14.3.1/thumb/v8-m.main+fp/hard/crtn.o
                0x080043e4                        . = ALIGN (0x4)
                0x080043e4                        _etext = .

.vfp11_veneer   0x080043e4        0x0
 .vfp11_veneer  0x080043e4        0x0 linker stubs

.v4_bx          0x080043e4        0x0
 .v4_bx         0x080043e4        0x0 linker stubs

.iplt           0x080043e4        0x0
 .iplt          0x080043e4        0x0 C:/ST/STM32CubeIDE_2.2.0/STM32CubeIDE/plugins/com.st.stm32cube.ide.mcu.externaltools.gnu-tools-for-stm32.14.3.rel1.win32_1.0.100.202602081740/tools/bin/../lib/gcc/arm-none-eabi/14.3.1/thumb/v8-m.main+fp/hard/crtbegin.o

.rodata         0x080043e4       0x10
                0x080043e4                        . = ALIGN (0x4)
 *(.rodata)
 *(.rodata*)
 .rodata.AHBPrescTable
                0x080043e4       0x10 ./Core/Src/system_stm32h5xx.o
                0x080043e4                AHBPrescTable
                0x080043f4                        . = ALIGN (0x4)

.ARM.extab      0x080043f4        0x0
                0x080043f4                        . = ALIGN (0x4)
 *(.ARM.extab* .gnu.linkonce.armextab.*)
                0x080043f4                        . = ALIGN (0x4)

.ARM            0x080043f4        0x0
                0x080043f4                        . = ALIGN (0x4)
                0x080043f4                        __exidx_start = .
 *(.ARM.exidx*)
                0x080043f4                        __exidx_end = .
                0x080043f4                        . = ALIGN (0x4)

.preinit_array  0x080043f4        0x0
                0x080043f4                        . = ALIGN (0x4)
                0x080043f4                        PROVIDE (__preinit_array_start = .)
 *(.preinit_array*)
                0x080043f4                        PROVIDE (__preinit_array_end = .)
                0x080043f4                        . = ALIGN (0x4)

.init_array     0x080043f4        0x4
                0x080043f4                        . = ALIGN (0x4)
                0x080043f4                        PROVIDE (__init_array_start = .)
 *(SORT_BY_NAME(.init_array.*))
 *(.init_array*)
 .init_array    0x080043f4        0x4 C:/ST/STM32CubeIDE_2.2.0/STM32CubeIDE/plugins/com.st.stm32cube.ide.mcu.externaltools.gnu-tools-for-stm32.14.3.rel1.win32_1.0.100.202602081740/tools/bin/../lib/gcc/arm-none-eabi/14.3.1/thumb/v8-m.main+fp/hard/crtbegin.o
                0x080043f8                        PROVIDE (__init_array_end = .)
                0x080043f8                        . = ALIGN (0x4)

.fini_array     0x080043f8        0x4
                0x080043f8                        . = ALIGN (0x4)
                [!provide]                        PROVIDE (__fini_array_start = .)
 *(SORT_BY_NAME(.fini_array.*))
 *(.fini_array*)
 .fini_array    0x080043f8        0x4 C:/ST/STM32CubeIDE_2.2.0/STM32CubeIDE/plugins/com.st.stm32cube.ide.mcu.externaltools.gnu-tools-for-stm32.14.3.rel1.win32_1.0.100.202602081740/tools/bin/../lib/gcc/arm-none-eabi/14.3.1/thumb/v8-m.main+fp/hard/crtbegin.o
                [!provide]                        PROVIDE (__fini_array_end = .)
                0x080043fc                        . = ALIGN (0x4)
                0x080043fc                        _sidata = LOADADDR (.data)

.rel.dyn        0x080043fc        0x0
 .rel.iplt      0x080043fc        0x0 C:/ST/STM32CubeIDE_2.2.0/STM32CubeIDE/plugins/com.st.stm32cube.ide.mcu.externaltools.gnu-tools-for-stm32.14.3.rel1.win32_1.0.100.202602081740/tools/bin/../lib/gcc/arm-none-eabi/14.3.1/thumb/v8-m.main+fp/hard/crtbegin.o

.data           0x20000000        0xc load address 0x080043fc
                0x20000000                        . = ALIGN (0x4)
                0x20000000                        _sdata = .
 *(.data)
 *(.data*)
 .data.SystemCoreClock
                0x20000000        0x4 ./Core/Src/system_stm32h5xx.o
                0x20000000                SystemCoreClock
 .data.uwTickPrio
                0x20000004        0x4 ./Drivers/STM32H5xx_HAL_Driver/Src/stm32h5xx_hal.o
                0x20000004                uwTickPrio
 .data.uwTickFreq
                0x20000008        0x1 ./Drivers/STM32H5xx_HAL_Driver/Src/stm32h5xx_hal.o
                0x20000008                uwTickFreq
 *(.RamFunc)
 *(.RamFunc*)
                0x2000000c                        . = ALIGN (0x4)
 *fill*         0x20000009        0x3 
                0x2000000c                        _edata = .

.igot.plt       0x2000000c        0x0 load address 0x08004408
 .igot.plt      0x2000000c        0x0 C:/ST/STM32CubeIDE_2.2.0/STM32CubeIDE/plugins/com.st.stm32cube.ide.mcu.externaltools.gnu-tools-for-stm32.14.3.rel1.win32_1.0.100.202602081740/tools/bin/../lib/gcc/arm-none-eabi/14.3.1/thumb/v8-m.main+fp/hard/crtbegin.o
                0x2000000c                        . = ALIGN (0x4)

.bss            0x2000000c       0x74 load address 0x08004408
                0x2000000c                        _sbss = .
                0x2000000c                        __bss_start__ = _sbss
 *(.bss)
 .bss           0x2000000c       0x1c C:/ST/STM32CubeIDE_2.2.0/STM32CubeIDE/plugins/com.st.stm32cube.ide.mcu.externaltools.gnu-tools-for-stm32.14.3.rel1.win32_1.0.100.202602081740/tools/bin/../lib/gcc/arm-none-eabi/14.3.1/thumb/v8-m.main+fp/hard/crtbegin.o
 *(.bss*)
 .bss.hi2c1     0x20000028       0x54 ./Core/Src/main.o
                0x20000028                hi2c1
 .bss.uwTick    0x2000007c        0x4 ./Drivers/STM32H5xx_HAL_Driver/Src/stm32h5xx_hal.o
                0x2000007c                uwTick
 *(COMMON)
                0x20000080                        . = ALIGN (0x4)
                0x20000080                        _ebss = .
                0x20000080                        __bss_end__ = _ebss

._user_heap_stack
                0x20000080      0x600 load address 0x08004408
                0x20000080                        . = ALIGN (0x8)
                [!provide]                        PROVIDE (end = .)
                0x20000080                        PROVIDE (_end = .)
                0x20000280                        . = (. + _Min_Heap_Size)
 *fill*         0x20000080      0x200 
                0x20000680                        . = (. + _Min_Stack_Size)
 *fill*         0x20000280      0x400 
                0x20000680                        . = ALIGN (0x8)

/DISCARD/
 libc.a(*)
 libm.a(*)
 libgcc.a(*)

.ARM.attributes
                0x00000000       0x36
 *(.ARM.attributes)
 .ARM.attributes
                0x00000000       0x26 C:/ST/STM32CubeIDE_2.2.0/STM32CubeIDE/plugins/com.st.stm32cube.ide.mcu.externaltools.gnu-tools-for-stm32.14.3.rel1.win32_1.0.100.202602081740/tools/bin/../lib/gcc/arm-none-eabi/14.3.1/thumb/v8-m.main+fp/hard/crti.o
 .ARM.attributes
                0x00000026       0x38 C:/ST/STM32CubeIDE_2.2.0/STM32CubeIDE/plugins/com.st.stm32cube.ide.mcu.externaltools.gnu-tools-for-stm32.14.3.rel1.win32_1.0.100.202602081740/tools/bin/../lib/gcc/arm-none-eabi/14.3.1/thumb/v8-m.main+fp/hard/crtbegin.o
 .ARM.attributes
                0x0000005e       0x3a ./Core/Src/main.o
 .ARM.attributes
                0x00000098       0x3a ./Core/Src/stm32h5xx_hal_msp.o
 .ARM.attributes
                0x000000d2       0x3a ./Core/Src/stm32h5xx_it.o
 .ARM.attributes
                0x0000010c       0x3a ./Core/Src/system_stm32h5xx.o
 .ARM.attributes
                0x00000146       0x24 ./Core/Startup/startup_stm32h563ritx.o
 .ARM.attributes
                0x0000016a       0x3a ./Drivers/STM32H5xx_HAL_Driver/Src/stm32h5xx_hal.o
 .ARM.attributes
                0x000001a4       0x3a ./Drivers/STM32H5xx_HAL_Driver/Src/stm32h5xx_hal_cortex.o
 .ARM.attributes
                0x000001de       0x3a ./Drivers/STM32H5xx_HAL_Driver/Src/stm32h5xx_hal_gpio.o
 .ARM.attributes
                0x00000218       0x3a ./Drivers/STM32H5xx_HAL_Driver/Src/stm32h5xx_hal_i2c.o
 .ARM.attributes
                0x00000252       0x3a ./Drivers/STM32H5xx_HAL_Driver/Src/stm32h5xx_hal_i2c_ex.o
 .ARM.attributes
                0x0000028c       0x3a ./Drivers/STM32H5xx_HAL_Driver/Src/stm32h5xx_hal_icache.o
 .ARM.attributes
                0x000002c6       0x3a ./Drivers/STM32H5xx_HAL_Driver/Src/stm32h5xx_hal_rcc.o
 .ARM.attributes
                0x00000300       0x3a ./Drivers/STM32H5xx_HAL_Driver/Src/stm32h5xx_hal_rcc_ex.o
 .ARM.attributes
                0x0000033a       0x38 C:/ST/STM32CubeIDE_2.2.0/STM32CubeIDE/plugins/com.st.stm32cube.ide.mcu.externaltools.gnu-tools-for-stm32.14.3.rel1.win32_1.0.100.202602081740/tools/bin/../lib/gcc/arm-none-eabi/14.3.1/../../../../arm-none-eabi/lib/thumb/v8-m.main+fp/hard\libc_nano.a(libc_a-memset.o)
 .ARM.attributes
                0x00000372       0x38 C:/ST/STM32CubeIDE_2.2.0/STM32CubeIDE/plugins/com.st.stm32cube.ide.mcu.externaltools.gnu-tools-for-stm32.14.3.rel1.win32_1.0.100.202602081740/tools/bin/../lib/gcc/arm-none-eabi/14.3.1/../../../../arm-none-eabi/lib/thumb/v8-m.main+fp/hard\libc_nano.a(libc_a-init.o)
 .ARM.attributes
                0x000003aa       0x26 C:/ST/STM32CubeIDE_2.2.0/STM32CubeIDE/plugins/com.st.stm32cube.ide.mcu.externaltools.gnu-tools-for-stm32.14.3.rel1.win32_1.0.100.202602081740/tools/bin/../lib/gcc/arm-none-eabi/14.3.1/thumb/v8-m.main+fp/hard/crtn.o
OUTPUT(Rotating Signal Stack.elf elf32-littlearm)
LOAD linker stubs
LOAD C:/ST/STM32CubeIDE_2.2.0/STM32CubeIDE/plugins/com.st.stm32cube.ide.mcu.externaltools.gnu-tools-for-stm32.14.3.rel1.win32_1.0.100.202602081740/tools/bin/../lib/gcc/arm-none-eabi/14.3.1/../../../../arm-none-eabi/lib/thumb/v8-m.main+fp/hard\libc.a
LOAD C:/ST/STM32CubeIDE_2.2.0/STM32CubeIDE/plugins/com.st.stm32cube.ide.mcu.externaltools.gnu-tools-for-stm32.14.3.rel1.win32_1.0.100.202602081740/tools/bin/../lib/gcc/arm-none-eabi/14.3.1/../../../../arm-none-eabi/lib/thumb/v8-m.main+fp/hard\libm.a
LOAD C:/ST/STM32CubeIDE_2.2.0/STM32CubeIDE/plugins/com.st.stm32cube.ide.mcu.externaltools.gnu-tools-for-stm32.14.3.rel1.win32_1.0.100.202602081740/tools/bin/../lib/gcc/arm-none-eabi/14.3.1/thumb/v8-m.main+fp/hard\libgcc.a

.debug_info     0x00000000     0xbc2d
 .debug_info    0x00000000     0x1676 ./Core/Src/main.o
 .debug_info    0x00001676     0x11d3 ./Core/Src/stm32h5xx_hal_msp.o
 .debug_info    0x00002849      0x128 ./Core/Src/stm32h5xx_it.o
 .debug_info    0x00002971      0xd8e ./Core/Src/system_stm32h5xx.o
 .debug_info    0x000036ff       0x30 ./Core/Startup/startup_stm32h563ritx.o
 .debug_info    0x0000372f     0x139f ./Drivers/STM32H5xx_HAL_Driver/Src/stm32h5xx_hal.o
 .debug_info    0x00004ace     0x1657 ./Drivers/STM32H5xx_HAL_Driver/Src/stm32h5xx_hal_cortex.o
 .debug_info    0x00006125      0x6b6 ./Drivers/STM32H5xx_HAL_Driver/Src/stm32h5xx_hal_gpio.o
 .debug_info    0x000067db     0x2313 ./Drivers/STM32H5xx_HAL_Driver/Src/stm32h5xx_hal_i2c.o
 .debug_info    0x00008aee      0x8f3 ./Drivers/STM32H5xx_HAL_Driver/Src/stm32h5xx_hal_i2c_ex.o
 .debug_info    0x000093e1      0x4d6 ./Drivers/STM32H5xx_HAL_Driver/Src/stm32h5xx_hal_icache.o
 .debug_info    0x000098b7     0x109f ./Drivers/STM32H5xx_HAL_Driver/Src/stm32h5xx_hal_rcc.o
 .debug_info    0x0000a956     0x12d7 ./Drivers/STM32H5xx_HAL_Driver/Src/stm32h5xx_hal_rcc_ex.o

.debug_abbrev   0x00000000     0x19a9
 .debug_abbrev  0x00000000      0x2e0 ./Core/Src/main.o
 .debug_abbrev  0x000002e0      0x20d ./Core/Src/stm32h5xx_hal_msp.o
 .debug_abbrev  0x000004ed       0x73 ./Core/Src/stm32h5xx_it.o
 .debug_abbrev  0x00000560      0x13a ./Core/Src/system_stm32h5xx.o
 .debug_abbrev  0x0000069a       0x24 ./Core/Startup/startup_stm32h563ritx.o
 .debug_abbrev  0x000006be      0x2af ./Drivers/STM32H5xx_HAL_Driver/Src/stm32h5xx_hal.o
 .debug_abbrev  0x0000096d      0x327 ./Drivers/STM32H5xx_HAL_Driver/Src/stm32h5xx_hal_cortex.o
 .debug_abbrev  0x00000c94      0x1db ./Drivers/STM32H5xx_HAL_Driver/Src/stm32h5xx_hal_gpio.o
 .debug_abbrev  0x00000e6f      0x271 ./Drivers/STM32H5xx_HAL_Driver/Src/stm32h5xx_hal_i2c.o
 .debug_abbrev  0x000010e0      0x1a8 ./Drivers/STM32H5xx_HAL_Driver/Src/stm32h5xx_hal_i2c_ex.o
 .debug_abbrev  0x00001288      0x228 ./Drivers/STM32H5xx_HAL_Driver/Src/stm32h5xx_hal_icache.o
 .debug_abbrev  0x000014b0      0x290 ./Drivers/STM32H5xx_HAL_Driver/Src/stm32h5xx_hal_rcc.o
 .debug_abbrev  0x00001740      0x269 ./Drivers/STM32H5xx_HAL_Driver/Src/stm32h5xx_hal_rcc_ex.o

.debug_aranges  0x00000000      0xa18
 .debug_aranges
                0x00000000       0x50 ./Core/Src/main.o
 .debug_aranges
                0x00000050       0x30 ./Core/Src/stm32h5xx_hal_msp.o
 .debug_aranges
                0x00000080       0x60 ./Core/Src/stm32h5xx_it.o
 .debug_aranges
                0x000000e0       0x28 ./Core/Src/system_stm32h5xx.o
 .debug_aranges
                0x00000108       0x28 ./Core/Startup/startup_stm32h563ritx.o
 .debug_aranges
                0x00000130      0x200 ./Drivers/STM32H5xx_HAL_Driver/Src/stm32h5xx_hal.o
 .debug_aranges
                0x00000330      0x140 ./Drivers/STM32H5xx_HAL_Driver/Src/stm32h5xx_hal_cortex.o
 .debug_aranges
                0x00000470       0x78 ./Drivers/STM32H5xx_HAL_Driver/Src/stm32h5xx_hal_gpio.o
 .debug_aranges
                0x000004e8      0x2a0 ./Drivers/STM32H5xx_HAL_Driver/Src/stm32h5xx_hal_i2c.o
 .debug_aranges
                0x00000788       0x40 ./Drivers/STM32H5xx_HAL_Driver/Src/stm32h5xx_hal_i2c_ex.o
 .debug_aranges
                0x000007c8       0xa8 ./Drivers/STM32H5xx_HAL_Driver/Src/stm32h5xx_hal_icache.o
 .debug_aranges
                0x00000870       0xa0 ./Drivers/STM32H5xx_HAL_Driver/Src/stm32h5xx_hal_rcc.o
 .debug_aranges
                0x00000910      0x108 ./Drivers/STM32H5xx_HAL_Driver/Src/stm32h5xx_hal_rcc_ex.o

.debug_rnglists
                0x00000000      0x7ab
 .debug_rnglists
                0x00000000       0x3a ./Core/Src/main.o
 .debug_rnglists
                0x0000003a       0x20 ./Core/Src/stm32h5xx_hal_msp.o
 .debug_rnglists
                0x0000005a       0x43 ./Core/Src/stm32h5xx_it.o
 .debug_rnglists
                0x0000009d       0x1b ./Core/Src/system_stm32h5xx.o
 .debug_rnglists
                0x000000b8       0x19 ./Core/Startup/startup_stm32h563ritx.o
 .debug_rnglists
                0x000000d1      0x17d ./Drivers/STM32H5xx_HAL_Driver/Src/stm32h5xx_hal.o
 .debug_rnglists
                0x0000024e       0xec ./Drivers/STM32H5xx_HAL_Driver/Src/stm32h5xx_hal_cortex.o
 .debug_rnglists
                0x0000033a       0x57 ./Drivers/STM32H5xx_HAL_Driver/Src/stm32h5xx_hal_gpio.o
 .debug_rnglists
                0x00000391      0x228 ./Drivers/STM32H5xx_HAL_Driver/Src/stm32h5xx_hal_i2c.o
 .debug_rnglists
                0x000005b9       0x30 ./Drivers/STM32H5xx_HAL_Driver/Src/stm32h5xx_hal_i2c_ex.o
 .debug_rnglists
                0x000005e9       0x7a ./Drivers/STM32H5xx_HAL_Driver/Src/stm32h5xx_hal_icache.o
 .debug_rnglists
                0x00000663       0x79 ./Drivers/STM32H5xx_HAL_Driver/Src/stm32h5xx_hal_rcc.o
 .debug_rnglists
                0x000006dc       0xcf ./Drivers/STM32H5xx_HAL_Driver/Src/stm32h5xx_hal_rcc_ex.o

.debug_macro    0x00000000    0x2fc3c
 .debug_macro   0x00000000      0x27b ./Core/Src/main.o
 .debug_macro   0x0000027b      0xade ./Core/Src/main.o
 .debug_macro   0x00000d59      0x1ee ./Core/Src/main.o
 .debug_macro   0x00000f47       0x22 ./Core/Src/main.o
 .debug_macro   0x00000f69       0x5b ./Core/Src/main.o
 .debug_macro   0x00000fc4       0x2a ./Core/Src/main.o
 .debug_macro   0x00000fee       0x94 ./Core/Src/main.o
 .debug_macro   0x00001082       0x43 ./Core/Src/main.o
 .debug_macro   0x000010c5       0x34 ./Core/Src/main.o
 .debug_macro   0x000010f9      0x190 ./Core/Src/main.o
 .debug_macro   0x00001289       0x57 ./Core/Src/main.o
 .debug_macro   0x000012e0      0x364 ./Core/Src/main.o
 .debug_macro   0x00001644       0x16 ./Core/Src/main.o
 .debug_macro   0x0000165a       0x4a ./Core/Src/main.o
 .debug_macro   0x000016a4       0x34 ./Core/Src/main.o
 .debug_macro   0x000016d8       0x10 ./Core/Src/main.o
 .debug_macro   0x000016e8       0x58 ./Core/Src/main.o
 .debug_macro   0x00001740       0x8e ./Core/Src/main.o
 .debug_macro   0x000017ce       0x1c ./Core/Src/main.o
 .debug_macro   0x000017ea      0x17e ./Core/Src/main.o
 .debug_macro   0x00001968      0x19b ./Core/Src/main.o
 .debug_macro   0x00001b03       0x28 ./Core/Src/main.o
 .debug_macro   0x00001b2b       0x49 ./Core/Src/main.o
 .debug_macro   0x00001b74      0x103 ./Core/Src/main.o
 .debug_macro   0x00001c77       0x6a ./Core/Src/main.o
 .debug_macro   0x00001ce1      0x1df ./Core/Src/main.o
 .debug_macro   0x00001ec0       0x1c ./Core/Src/main.o
 .debug_macro   0x00001edc       0x29 ./Core/Src/main.o
 .debug_macro   0x00001f05       0xfb ./Core/Src/main.o
 .debug_macro   0x00002000     0x1685 ./Core/Src/main.o
 .debug_macro   0x00003685       0x5e ./Core/Src/main.o
 .debug_macro   0x000036e3    0x2108f ./Core/Src/main.o
 .debug_macro   0x00024772       0x6d ./Core/Src/main.o
 .debug_macro   0x000247df     0x3891 ./Core/Src/main.o
 .debug_macro   0x00028070       0x63 ./Core/Src/main.o
 .debug_macro   0x000280d3     0x1f0d ./Core/Src/main.o
 .debug_macro   0x00029fe0      0xe96 ./Core/Src/main.o
 .debug_macro   0x0002ae76      0x166 ./Core/Src/main.o
 .debug_macro   0x0002afdc      0x30b ./Core/Src/main.o
 .debug_macro   0x0002b2e7       0xca ./Core/Src/main.o
 .debug_macro   0x0002b3b1      0x917 ./Core/Src/main.o
 .debug_macro   0x0002bcc8      0x478 ./Core/Src/main.o
 .debug_macro   0x0002c140       0xd6 ./Core/Src/main.o
 .debug_macro   0x0002c216      0x1cd ./Core/Src/main.o
 .debug_macro   0x0002c3e3      0x55b ./Core/Src/main.o
 .debug_macro   0x0002c93e      0x646 ./Core/Src/main.o
 .debug_macro   0x0002cf84       0x7b ./Core/Src/main.o
 .debug_macro   0x0002cfff      0x22c ./Core/Src/main.o
 .debug_macro   0x0002d22b       0x35 ./Core/Src/main.o
 .debug_macro   0x0002d260       0xa5 ./Core/Src/main.o
 .debug_macro   0x0002d305      0x313 ./Core/Src/main.o
 .debug_macro   0x0002d618      0x1bb ./Core/Src/main.o
 .debug_macro   0x0002d7d3      0x2ae ./Core/Src/main.o
 .debug_macro   0x0002da81      0x47e ./Core/Src/main.o
 .debug_macro   0x0002deff       0xd0 ./Core/Src/main.o
 .debug_macro   0x0002dfcf      0x27b ./Core/Src/stm32h5xx_hal_msp.o
 .debug_macro   0x0002e24a      0x285 ./Core/Src/stm32h5xx_it.o
 .debug_macro   0x0002e4cf      0x26f ./Core/Src/system_stm32h5xx.o
 .debug_macro   0x0002e73e      0x29e ./Drivers/STM32H5xx_HAL_Driver/Src/stm32h5xx_hal.o
 .debug_macro   0x0002e9dc      0x268 ./Drivers/STM32H5xx_HAL_Driver/Src/stm32h5xx_hal_cortex.o
 .debug_macro   0x0002ec44      0x29e ./Drivers/STM32H5xx_HAL_Driver/Src/stm32h5xx_hal_gpio.o
 .debug_macro   0x0002eee2      0x334 ./Drivers/STM32H5xx_HAL_Driver/Src/stm32h5xx_hal_i2c.o
 .debug_macro   0x0002f216      0x268 ./Drivers/STM32H5xx_HAL_Driver/Src/stm32h5xx_hal_i2c_ex.o
 .debug_macro   0x0002f47e      0x29a ./Drivers/STM32H5xx_HAL_Driver/Src/stm32h5xx_hal_icache.o
 .debug_macro   0x0002f718      0x2aa ./Drivers/STM32H5xx_HAL_Driver/Src/stm32h5xx_hal_rcc.o
 .debug_macro   0x0002f9c2      0x27a ./Drivers/STM32H5xx_HAL_Driver/Src/stm32h5xx_hal_rcc_ex.o

.debug_line     0x00000000     0xe44d
 .debug_line    0x00000000      0x9ed ./Core/Src/main.o
 .debug_line    0x000009ed      0x8d8 ./Core/Src/stm32h5xx_hal_msp.o
 .debug_line    0x000012c5      0x923 ./Core/Src/stm32h5xx_it.o
 .debug_line    0x00001be8      0x9f3 ./Core/Src/system_stm32h5xx.o
 .debug_line    0x000025db       0x7d ./Core/Startup/startup_stm32h563ritx.o
 .debug_line    0x00002658      0xf8a ./Drivers/STM32H5xx_HAL_Driver/Src/stm32h5xx_hal.o
 .debug_line    0x000035e2      0xeb9 ./Drivers/STM32H5xx_HAL_Driver/Src/stm32h5xx_hal_cortex.o
 .debug_line    0x0000449b      0xc73 ./Drivers/STM32H5xx_HAL_Driver/Src/stm32h5xx_hal_gpio.o
 .debug_line    0x0000510e     0x3b57 ./Drivers/STM32H5xx_HAL_Driver/Src/stm32h5xx_hal_i2c.o
 .debug_line    0x00008c65      0x9f3 ./Drivers/STM32H5xx_HAL_Driver/Src/stm32h5xx_hal_i2c_ex.o
 .debug_line    0x00009658      0xb59 ./Drivers/STM32H5xx_HAL_Driver/Src/stm32h5xx_hal_icache.o
 .debug_line    0x0000a1b1     0x1402 ./Drivers/STM32H5xx_HAL_Driver/Src/stm32h5xx_hal_rcc.o
 .debug_line    0x0000b5b3     0x2e9a ./Drivers/STM32H5xx_HAL_Driver/Src/stm32h5xx_hal_rcc_ex.o

.debug_str      0x00000000   0x12cdd4
 .debug_str     0x00000000   0x12cdd4 ./Core/Src/main.o
                             0x129329 (size before relaxing)
 .debug_str     0x0012cdd4   0x12916e ./Core/Src/stm32h5xx_hal_msp.o
 .debug_str     0x0012cdd4   0x1283d7 ./Core/Src/stm32h5xx_it.o
 .debug_str     0x0012cdd4   0x128676 ./Core/Src/system_stm32h5xx.o
 .debug_str     0x0012cdd4       0x81 ./Core/Startup/startup_stm32h563ritx.o
 .debug_str     0x0012cdd4   0x1294c6 ./Drivers/STM32H5xx_HAL_Driver/Src/stm32h5xx_hal.o
 .debug_str     0x0012cdd4   0x129051 ./Drivers/STM32H5xx_HAL_Driver/Src/stm32h5xx_hal_cortex.o
 .debug_str     0x0012cdd4   0x1283db ./Drivers/STM32H5xx_HAL_Driver/Src/stm32h5xx_hal_gpio.o
 .debug_str     0x0012cdd4   0x129629 ./Drivers/STM32H5xx_HAL_Driver/Src/stm32h5xx_hal_i2c.o
 .debug_str     0x0012cdd4   0x12874a ./Drivers/STM32H5xx_HAL_Driver/Src/stm32h5xx_hal_i2c_ex.o
 .debug_str     0x0012cdd4   0x128704 ./Drivers/STM32H5xx_HAL_Driver/Src/stm32h5xx_hal_icache.o
 .debug_str     0x0012cdd4   0x128bbb ./Drivers/STM32H5xx_HAL_Driver/Src/stm32h5xx_hal_rcc.o
 .debug_str     0x0012cdd4   0x128f05 ./Drivers/STM32H5xx_HAL_Driver/Src/stm32h5xx_hal_rcc_ex.o

.comment        0x00000000       0x43
 .comment       0x00000000       0x43 ./Core/Src/main.o
                                 0x44 (size before relaxing)
 .comment       0x00000043       0x44 ./Core/Src/stm32h5xx_hal_msp.o
 .comment       0x00000043       0x44 ./Core/Src/stm32h5xx_it.o
 .comment       0x00000043       0x44 ./Core/Src/system_stm32h5xx.o
 .comment       0x00000043       0x44 ./Drivers/STM32H5xx_HAL_Driver/Src/stm32h5xx_hal.o
 .comment       0x00000043       0x44 ./Drivers/STM32H5xx_HAL_Driver/Src/stm32h5xx_hal_cortex.o
 .comment       0x00000043       0x44 ./Drivers/STM32H5xx_HAL_Driver/Src/stm32h5xx_hal_gpio.o
 .comment       0x00000043       0x44 ./Drivers/STM32H5xx_HAL_Driver/Src/stm32h5xx_hal_i2c.o
 .comment       0x00000043       0x44 ./Drivers/STM32H5xx_HAL_Driver/Src/stm32h5xx_hal_i2c_ex.o
 .comment       0x00000043       0x44 ./Drivers/STM32H5xx_HAL_Driver/Src/stm32h5xx_hal_icache.o
 .comment       0x00000043       0x44 ./Drivers/STM32H5xx_HAL_Driver/Src/stm32h5xx_hal_rcc.o
 .comment       0x00000043       0x44 ./Drivers/STM32H5xx_HAL_Driver/Src/stm32h5xx_hal_rcc_ex.o

.debug_frame    0x00000000     0x26a4
 .debug_frame   0x00000000       0xe8 ./Core/Src/main.o
 .debug_frame   0x000000e8       0x78 ./Core/Src/stm32h5xx_hal_msp.o
 .debug_frame   0x00000160       0xf8 ./Core/Src/stm32h5xx_it.o
 .debug_frame   0x00000258       0x58 ./Core/Src/system_stm32h5xx.o
 .debug_frame   0x000002b0      0x74c ./Drivers/STM32H5xx_HAL_Driver/Src/stm32h5xx_hal.o
 .debug_frame   0x000009fc      0x508 ./Drivers/STM32H5xx_HAL_Driver/Src/stm32h5xx_hal_cortex.o
 .debug_frame   0x00000f04      0x1c0 ./Drivers/STM32H5xx_HAL_Driver/Src/stm32h5xx_hal_gpio.o
 .debug_frame   0x000010c4      0xbf4 ./Drivers/STM32H5xx_HAL_Driver/Src/stm32h5xx_hal_i2c.o
 .debug_frame   0x00001cb8       0xc4 ./Drivers/STM32H5xx_HAL_Driver/Src/stm32h5xx_hal_i2c_ex.o
 .debug_frame   0x00001d7c      0x260 ./Drivers/STM32H5xx_HAL_Driver/Src/stm32h5xx_hal_icache.o
 .debug_frame   0x00001fdc      0x248 ./Drivers/STM32H5xx_HAL_Driver/Src/stm32h5xx_hal_rcc.o
 .debug_frame   0x00002224      0x434 ./Drivers/STM32H5xx_HAL_Driver/Src/stm32h5xx_hal_rcc_ex.o
 .debug_frame   0x00002658       0x20 C:/ST/STM32CubeIDE_2.2.0/STM32CubeIDE/plugins/com.st.stm32cube.ide.mcu.externaltools.gnu-tools-for-stm32.14.3.rel1.win32_1.0.100.202602081740/tools/bin/../lib/gcc/arm-none-eabi/14.3.1/../../../../arm-none-eabi/lib/thumb/v8-m.main+fp/hard\libc_nano.a(libc_a-memset.o)
 .debug_frame   0x00002678       0x2c C:/ST/STM32CubeIDE_2.2.0/STM32CubeIDE/plugins/com.st.stm32cube.ide.mcu.externaltools.gnu-tools-for-stm32.14.3.rel1.win32_1.0.100.202602081740/tools/bin/../lib/gcc/arm-none-eabi/14.3.1/../../../../arm-none-eabi/lib/thumb/v8-m.main+fp/hard\libc_nano.a(libc_a-init.o)

.debug_line_str
                0x00000000       0x65
 .debug_line_str
                0x00000000       0x65 ./Core/Startup/startup_stm32h563ritx.o
