../Core/Src/main.c:64:5:main	16	static
../Core/Src/main.c:128:6:SystemClock_Config	120	static
../Core/Src/main.c:178:13:MX_I2C3_Init	8	static
../Core/Src/main.c:226:13:MX_ICACHE_Init	8	static
../Core/Src/main.c:258:13:MX_GPIO_Init	48	static
../Core/Src/main.c:292:5:__io_putchar	16	static
../Core/Src/main.c:302:6:TMAG5273_Init	32	static
../Core/Src/main.c:317:7:TMAG5273_GetAngle	32	static
../Core/Src/main.c:331:6:MPU_Config	32	static
../Core/Src/main.c:367:6:Error_Handler	4	static,ignoring_inline_asm
