../Core/Src/main.c:63:6:HAL_TIM_PeriodElapsedCallback	16	static
../Core/Src/main.c:79:5:main	16	static
../Core/Src/main.c:139:6:SystemClock_Config	120	static
../Core/Src/main.c:190:13:MX_FDCAN1_Init	8	static
../Core/Src/main.c:233:13:MX_I2C1_Init	8	static
../Core/Src/main.c:281:13:MX_ICACHE_Init	8	static
../Core/Src/main.c:313:13:MX_TIM2_Init	64	static
../Core/Src/main.c:372:13:MX_GPIO_Init	48	static
../Core/Src/main.c:445:6:MPU_Config	32	static
../Core/Src/main.c:481:6:Error_Handler	4	static,ignoring_inline_asm
